// Jest Snapshot v1, https://goo.gl/fbAQLP

exports[`SlaOverview renderiza os estados principais de SLA 1`] = `
<div>
  <div
    aria-live="polite"
    class="jsx-f2db18b9b3d57b67 sla-overview"
  >
    <div
      class="jsx-f2db18b9b3d57b67 sla-overview__alert"
      role="alert"
    >
      <span
        class="jsx-2409091550 status-badge"
      >
        Violação de SLA
      </span>
      <span
        class="jsx-f2db18b9b3d57b67"
      >
        Alertas ativos para Partner OTA Hub.
      </span>
    </div>
    <div
      class="jsx-3544339692 responsive-grid"
    >
      <article
        class="jsx-2858078647 card"
      >
        <header
          class="jsx-2858078647"
        >
          <h3
            class="jsx-2858078647"
          >
            AirLaundry · Janela de recolha
          </h3>
          <p
            class="jsx-2858078647 card-description"
          >
            Meta 45 min · Revisado 22/07/24, 10:00
          </p>
        </header>
        <div
          class="jsx-2858078647"
        >
          <div
            class="jsx-f2db18b9b3d57b67 sla-overview__status"
          >
            <span
              class="jsx-3832166939 status-badge"
            >
              No prazo
            </span>
            <span
              class="jsx-f2db18b9b3d57b67"
            >
              Dentro dos parâmetros acordados.
            </span>
          </div>
          <dl
            class="jsx-f2db18b9b3d57b67 sla-overview__metrics"
          >
            <div
              class="jsx-f2db18b9b3d57b67"
            >
              <dt
                class="jsx-f2db18b9b3d57b67"
              >
                Atual
              </dt>
              <dd
                class="jsx-f2db18b9b3d57b67"
              >
                40 min
              </dd>
            </div>
            <div
              class="jsx-f2db18b9b3d57b67"
            >
              <dt
                class="jsx-f2db18b9b3d57b67"
              >
                Limite alerta
              </dt>
              <dd
                class="jsx-f2db18b9b3d57b67"
              >
                60 min
              </dd>
            </div>
            <div
              class="jsx-f2db18b9b3d57b67"
            >
              <dt
                class="jsx-f2db18b9b3d57b67"
              >
                Violação
              </dt>
              <dd
                class="jsx-f2db18b9b3d57b67"
              >
                90 min
              </dd>
            </div>
            <div
              class="jsx-f2db18b9b3d57b67"
            >
              <dt
                class="jsx-f2db18b9b3d57b67"
              >
                Última violação
              </dt>
              <dd
                class="jsx-f2db18b9b3d57b67"
              >
                Sem registo
              </dd>
            </div>
          </dl>
        </div>
      </article>
      <article
        class="jsx-4100245982 card"
      >
        <header
          class="jsx-4100245982"
        >
          <h3
            class="jsx-4100245982"
          >
            FixItNow · Despacho manutenção
          </h3>
          <p
            class="jsx-4100245982 card-description"
          >
            Meta 60 min · Revisado 22/07/24, 09:45
          </p>
        </header>
        <div
          class="jsx-4100245982"
        >
          <div
            class="jsx-f2db18b9b3d57b67 sla-overview__status"
          >
            <span
              class="jsx-3677700344 status-badge"
            >
              Em risco
            </span>
            <span
              class="jsx-f2db18b9b3d57b67"
            >
              Acima da meta. Monitorizar e alinhar com o parceiro.
            </span>
          </div>
          <dl
            class="jsx-f2db18b9b3d57b67 sla-overview__metrics"
          >
            <div
              class="jsx-f2db18b9b3d57b67"
            >
              <dt
                class="jsx-f2db18b9b3d57b67"
              >
                Atual
              </dt>
              <dd
                class="jsx-f2db18b9b3d57b67"
              >
                72 min
              </dd>
            </div>
            <div
              class="jsx-f2db18b9b3d57b67"
            >
              <dt
                class="jsx-f2db18b9b3d57b67"
              >
                Limite alerta
              </dt>
              <dd
                class="jsx-f2db18b9b3d57b67"
              >
                75 min
              </dd>
            </div>
            <div
              class="jsx-f2db18b9b3d57b67"
            >
              <dt
                class="jsx-f2db18b9b3d57b67"
              >
                Violação
              </dt>
              <dd
                class="jsx-f2db18b9b3d57b67"
              >
                90 min
              </dd>
            </div>
            <div
              class="jsx-f2db18b9b3d57b67"
            >
              <dt
                class="jsx-f2db18b9b3d57b67"
              >
                Última violação
              </dt>
              <dd
                class="jsx-f2db18b9b3d57b67"
              >
                Sem registo
              </dd>
            </div>
          </dl>
        </div>
      </article>
      <article
        class="jsx-1814848195 card"
      >
        <header
          class="jsx-1814848195"
        >
          <h3
            class="jsx-1814848195"
          >
            Partner OTA Hub · Disponibilidade API
          </h3>
          <p
            class="jsx-1814848195 card-description"
          >
            Meta 15 min · Revisado 22/07/24, 09:00
          </p>
        </header>
        <div
          class="jsx-1814848195"
        >
          <div
            class="jsx-f2db18b9b3d57b67 sla-overview__status"
          >
            <span
              class="jsx-2409091550 status-badge"
            >
              Violado
            </span>
            <span
              class="jsx-f2db18b9b3d57b67"
            >
              Violação registada. Acionar plano de contingência.
            </span>
          </div>
          <dl
            class="jsx-f2db18b9b3d57b67 sla-overview__metrics"
          >
            <div
              class="jsx-f2db18b9b3d57b67"
            >
              <dt
                class="jsx-f2db18b9b3d57b67"
              >
                Atual
              </dt>
              <dd
                class="jsx-f2db18b9b3d57b67"
              >
                58 min
              </dd>
            </div>
            <div
              class="jsx-f2db18b9b3d57b67"
            >
              <dt
                class="jsx-f2db18b9b3d57b67"
              >
                Limite alerta
              </dt>
              <dd
                class="jsx-f2db18b9b3d57b67"
              >
                30 min
              </dd>
            </div>
            <div
              class="jsx-f2db18b9b3d57b67"
            >
              <dt
                class="jsx-f2db18b9b3d57b67"
              >
                Violação
              </dt>
              <dd
                class="jsx-f2db18b9b3d57b67"
              >
                45 min
              </dd>
            </div>
            <div
              class="jsx-f2db18b9b3d57b67"
            >
              <dt
                class="jsx-f2db18b9b3d57b67"
              >
                Última violação
              </dt>
              <dd
                class="jsx-f2db18b9b3d57b67"
              >
                22/07/24, 08:55
              </dd>
            </div>
          </dl>
        </div>
      </article>
    </div>
  </div>
</div>
`;
